B_colind_ptr
B_rowadr_ptr
B_rownnz_ptr
C_colind_ptr
C_rowadr_ptr
C_rownnz_ptr
D_colind_ptr
D_rowadr_ptr
D_rownnz_ptr
act_dot_ptr
act_ptr
actuator_acc0_ptr
actuator_actadr_ptr
actuator_actearly_ptr
actuator_actlimited_ptr
actuator_actnum_ptr
actuator_actrange_ptr
actuator_biasprm_ptr
actuator_biastype_ptr
actuator_cranklength_ptr
actuator_ctrllimited_ptr
actuator_ctrlrange_ptr
actuator_dynprm_ptr
actuator_dyntype_ptr
actuator_force_ptr
actuator_forcelimited_ptr
actuator_forcerange_ptr
actuator_gainprm_ptr
actuator_gaintype_ptr
actuator_gear_ptr
actuator_group_ptr
actuator_length0_ptr
actuator_length_ptr
actuator_lengthrange_ptr
actuator_moment_ptr
actuator_plugin_ptr
actuator_trnid_ptr
actuator_trntype_ptr
actuator_user_ptr
actuator_velocity_ptr
body_bvhadr_ptr
body_bvhnum_ptr
body_conaffinity_ptr
body_contype_ptr
body_dofadr_ptr
body_dofnum_ptr
body_geomadr_ptr
body_geomnum_ptr
body_gravcomp_ptr
body_inertia_ptr
body_invweight0_ptr
body_ipos_ptr
body_iquat_ptr
body_jntadr_ptr
body_jntnum_ptr
body_margin_ptr
body_mass_ptr
body_mocapid_ptr
body_parentid_ptr
body_plugin_ptr
body_pos_ptr
body_quat_ptr
body_rootid_ptr
body_sameframe_ptr
body_simple_ptr
body_subtreemass_ptr
body_treeid_ptr
body_user_ptr
body_weldid_ptr
bvh_aabb_dyn_ptr
bvh_aabb_ptr
bvh_active_ptr
bvh_child_ptr
bvh_depth_ptr
bvh_nodeid_ptr
cacc_ptr
cam_bodyid_ptr
cam_fovy_ptr
cam_intrinsic_ptr
cam_ipd_ptr
cam_mat0_ptr
cam_mode_ptr
cam_orthographic_ptr
cam_pos0_ptr
cam_pos_ptr
cam_poscom0_ptr
cam_quat_ptr
cam_resolution_ptr
cam_sensorsize_ptr
cam_targetbodyid_ptr
cam_user_ptr
cam_xmat_ptr
cam_xpos_ptr
cdof_dot_ptr
cdof_ptr
cfrc_ext_ptr
cfrc_int_ptr
cinert_ptr
crb_ptr
ctrl_ptr
cvel_ptr
dof_M0_ptr
dof_Madr_ptr
dof_armature_ptr
dof_bodyid_ptr
dof_damping_ptr
dof_frictionloss_ptr
dof_invweight0_ptr
dof_island_ptr
dof_islandind_ptr
dof_jntid_ptr
dof_parentid_ptr
dof_simplenum_ptr
dof_solimp_ptr
dof_solref_ptr
dof_treeid_ptr
efc_AR_colind_ptr
efc_AR_ptr
efc_AR_rowadr_ptr
efc_AR_rownnz_ptr
efc_D_ptr
efc_JT_colind_ptr
efc_JT_ptr
efc_JT_rowadr_ptr
efc_JT_rownnz_ptr
efc_JT_rowsuper_ptr
efc_J_colind_ptr
efc_J_ptr
efc_J_rowadr_ptr
efc_J_rownnz_ptr
efc_J_rowsuper_ptr
efc_KBIP_ptr
efc_R_ptr
efc_aref_ptr
efc_b_ptr
efc_diagApprox_ptr
efc_force_ptr
efc_frictionloss_ptr
efc_id_ptr
efc_island_ptr
efc_margin_ptr
efc_pos_ptr
efc_state_ptr
efc_type_ptr
efc_vel_ptr
eq_active0_ptr
eq_active_ptr
eq_data_ptr
eq_obj1id_ptr
eq_obj2id_ptr
eq_objtype_ptr
eq_solimp_ptr
eq_solref_ptr
eq_type_ptr
exclude_signature_ptr
flex_activelayers_ptr
flex_bvhadr_ptr
flex_bvhnum_ptr
flex_centered_ptr
flex_conaffinity_ptr
flex_condim_ptr
flex_contype_ptr
flex_damping_ptr
flex_dim_ptr
flex_edge_ptr
flex_edgeadr_ptr
flex_edgedamping_ptr
flex_edgeequality_ptr
flex_edgenum_ptr
flex_edgestiffness_ptr
flex_elem_ptr
flex_elemadr_ptr
flex_elemdataadr_ptr
flex_elemedge_ptr
flex_elemedgeadr_ptr
flex_elemlayer_ptr
flex_elemnum_ptr
flex_evpair_ptr
flex_evpairadr_ptr
flex_evpairnum_ptr
flex_flatskin_ptr
flex_friction_ptr
flex_gap_ptr
flex_group_ptr
flex_internal_ptr
flex_margin_ptr
flex_matid_ptr
flex_priority_ptr
flex_radius_ptr
flex_rgba_ptr
flex_rigid_ptr
flex_selfcollide_ptr
flex_shell_ptr
flex_shelldataadr_ptr
flex_shellnum_ptr
flex_solimp_ptr
flex_solmix_ptr
flex_solref_ptr
flex_stiffness_ptr
flex_texcoord_ptr
flex_texcoordadr_ptr
flex_vert0_ptr
flex_vert_ptr
flex_vertadr_ptr
flex_vertbodyid_ptr
flex_vertnum_ptr
flexedge_J_colind_ptr
flexedge_J_ptr
flexedge_J_rowadr_ptr
flexedge_J_rownnz_ptr
flexedge_length_ptr
flexedge_velocity_ptr
flexelem_aabb_ptr
flexvert_xpos_ptr
geom_aabb_ptr
geom_bodyid_ptr
geom_conaffinity_ptr
geom_condim_ptr
geom_contype_ptr
geom_dataid_ptr
geom_fluid_ptr
geom_friction_ptr
geom_gap_ptr
geom_group_ptr
geom_margin_ptr
geom_matid_ptr
geom_plugin_ptr
geom_pos_ptr
geom_priority_ptr
geom_quat_ptr
geom_rbound_ptr
geom_rgba_ptr
geom_sameframe_ptr
geom_size_ptr
geom_solimp_ptr
geom_solmix_ptr
geom_solref_ptr
geom_type_ptr
geom_user_ptr
geom_xmat_ptr
geom_xpos_ptr
hfield_adr_ptr
hfield_data_ptr
hfield_ncol_ptr
hfield_nrow_ptr
hfield_pathadr_ptr
hfield_size_ptr
island_dofadr_ptr
island_dofind_ptr
island_dofnum_ptr
island_efcadr_ptr
island_efcind_ptr
island_efcnum_ptr
jnt_actfrclimited_ptr
jnt_actfrcrange_ptr
jnt_actgravcomp_ptr
jnt_axis_ptr
jnt_bodyid_ptr
jnt_dofadr_ptr
jnt_group_ptr
jnt_limited_ptr
jnt_margin_ptr
jnt_pos_ptr
jnt_qposadr_ptr
jnt_range_ptr
jnt_solimp_ptr
jnt_solref_ptr
jnt_stiffness_ptr
jnt_type_ptr
jnt_user_ptr
key_act_ptr
key_ctrl_ptr
key_mpos_ptr
key_mquat_ptr
key_qpos_ptr
key_qvel_ptr
key_time_ptr
light_active_ptr
light_ambient_ptr
light_attenuation_ptr
light_bodyid_ptr
light_bulbradius_ptr
light_castshadow_ptr
light_cutoff_ptr
light_diffuse_ptr
light_dir0_ptr
light_dir_ptr
light_directional_ptr
light_exponent_ptr
light_mode_ptr
light_pos0_ptr
light_pos_ptr
light_poscom0_ptr
light_specular_ptr
light_targetbodyid_ptr
light_xdir_ptr
light_xpos_ptr
mapD2M_ptr
mapM2C_ptr
mapM2D_ptr
mat_emission_ptr
mat_metallic_ptr
mat_reflectance_ptr
mat_rgba_ptr
mat_roughness_ptr
mat_shininess_ptr
mat_specular_ptr
mat_texid_ptr
mat_texrepeat_ptr
mat_texuniform_ptr
mesh_face_count
mesh_face_ptr
mesh_faceadr_ptr
mesh_facenum_ptr
mesh_normal_ptr
mesh_texcoord_count
mesh_texcoord_ptr
mesh_texcoordadr_ptr
mesh_texcoordnum_ptr
mesh_vert_count
mesh_vert_ptr
mesh_vertadr_ptr
mesh_vertnum_ptr
mocap_pos_ptr
mocap_quat_ptr
moment_colind_ptr
moment_rowadr_ptr
moment_rownnz_ptr
name_actuatoradr_ptr
name_bodyadr_ptr
name_camadr_ptr
name_eqadr_ptr
name_excludeadr_ptr
name_flexadr_ptr
name_geomadr_ptr
name_hfieldadr_ptr
name_jntadr_ptr
name_keyadr_ptr
name_lightadr_ptr
name_matadr_ptr
name_meshadr_ptr
name_numericadr_ptr
name_pairadr_ptr
name_pluginadr_ptr
name_sensoradr_ptr
name_siteadr_ptr
name_skinadr_ptr
name_tendonadr_ptr
name_texadr_ptr
name_textadr_ptr
name_tupleadr_ptr
names_ptr
numeric_adr_ptr
numeric_data_ptr
numeric_size_ptr
pair_dim_ptr
pair_friction_ptr
pair_gap_ptr
pair_geom1_ptr
pair_geom2_ptr
pair_margin_ptr
pair_signature_ptr
pair_solimp_ptr
pair_solref_ptr
pair_solreffriction_ptr
paths_ptr
plugin_attr_ptr
plugin_attradr_ptr
plugin_data_ptr
plugin_ptr
plugin_state_ptr
plugin_stateadr_ptr
plugin_statenum_ptr
qDeriv_ptr
qHDiagInv_ptr
qH_ptr
qLD_ptr
qLDiagInv_ptr
qLDiagSqrtInv_ptr
qLU_ptr
qM_ptr
qacc_ptr
qacc_smooth_ptr
qacc_warmstart_ptr
qfrc_actuator_ptr
qfrc_applied_ptr
qfrc_bias_ptr
qfrc_constraint_ptr
qfrc_damper_ptr
qfrc_fluid_ptr
qfrc_gravcomp_ptr
qfrc_inverse_ptr
qfrc_passive_ptr
qfrc_smooth_ptr
qfrc_spring_ptr
qpos0_ptr
qpos_ptr
qpos_spring_ptr
qvel_ptr
sensor_adr_ptr
sensor_cutoff_ptr
sensor_datatype_ptr
sensor_dim_ptr
sensor_needstage_ptr
sensor_noise_ptr
sensor_objid_ptr
sensor_objtype_ptr
sensor_plugin_ptr
sensor_refid_ptr
sensor_reftype_ptr
sensor_type_ptr
sensor_user_ptr
sensordata_ptr
site_bodyid_ptr
site_group_ptr
site_matid_ptr
site_pos_ptr
site_quat_ptr
site_rgba_ptr
site_sameframe_ptr
site_size_ptr
site_type_ptr
site_user_ptr
site_xmat_ptr
site_xpos_ptr
skin_boneadr_ptr
skin_bonebindpos_ptr
skin_bonebindquat_ptr
skin_bonebodyid_ptr
skin_bonenum_ptr
skin_bonevertadr_ptr
skin_bonevertid_ptr
skin_bonevertnum_ptr
skin_bonevertweight_ptr
skin_face_ptr
skin_faceadr_ptr
skin_facenum_ptr
skin_group_ptr
skin_inflate_ptr
skin_matid_ptr
skin_pathadr_ptr
skin_rgba_ptr
skin_texcoord_ptr
skin_texcoordadr_ptr
skin_vert_ptr
skin_vertadr_ptr
skin_vertnum_ptr
subtree_angmom_ptr
subtree_com_ptr
subtree_linvel_ptr
ten_J_colind_ptr
ten_J_ptr
ten_J_rowadr_ptr
ten_J_rownnz_ptr
ten_length_ptr
ten_velocity_ptr
ten_wrapadr_ptr
ten_wrapnum_ptr
tendon_adr_ptr
tendon_damping_ptr
tendon_efcadr_ptr
tendon_frictionloss_ptr
tendon_group_ptr
tendon_invweight0_ptr
tendon_length0_ptr
tendon_lengthspring_ptr
tendon_limited_ptr
tendon_margin_ptr
tendon_matid_ptr
tendon_num_ptr
tendon_range_ptr
tendon_rgba_ptr
tendon_solimp_fri_ptr
tendon_solimp_lim_ptr
tendon_solref_fri_ptr
tendon_solref_lim_ptr
tendon_stiffness_ptr
tendon_user_ptr
tendon_width_ptr
tex_adr_ptr
tex_data_ptr
tex_height_ptr
tex_nchannel_ptr
tex_pathadr_ptr
tex_type_ptr
tex_width_ptr
text_adr_ptr
text_data_ptr
text_size_ptr
tuple_adr_ptr
tuple_objid_ptr
tuple_objprm_ptr
tuple_objtype_ptr
tuple_size_ptr
userdata_ptr
wrap_obj_ptr
wrap_objid_ptr
wrap_prm_ptr
wrap_type_ptr
wrap_xpos_ptr
xanchor_ptr
xaxis_ptr
xfrc_applied_ptr
ximat_ptr
xipos_ptr
xmat_ptr
xpos_ptr
xquat_ptr
