cam_azimuth_ptr
cam_distance_ptr
cam_elevation_ptr
cam_fixedcamid_ptr
cam_lookat_ptr
cam_orthographic_ptr
cam_trackbodyid_ptr
cam_type_ptr
data_M_ptr
data_act_dot_ptr
data_act_ptr
data_actuator_force_ptr
data_actuator_length_ptr
data_actuator_moment_ptr
data_actuator_velocity_ptr
data_arena_ptr
data_buffer_ptr
data_bvh_aabb_dyn_ptr
data_bvh_active_ptr
data_cacc_ptr
data_cam_xmat_ptr
data_cam_xpos_ptr
data_cdof_dot_ptr
data_cdof_ptr
data_cfrc_ext_ptr
data_cfrc_int_ptr
data_cinert_ptr
data_contact_H_ptr
data_contact_dim_ptr
data_contact_dist_ptr
data_contact_efc_address_ptr
data_contact_elem_ptr
data_contact_exclude_ptr
data_contact_flex_ptr
data_contact_frame_ptr
data_contact_friction_ptr
data_contact_geom1_ptr
data_contact_geom2_ptr
data_contact_geom_ptr
data_contact_includemargin_ptr
data_contact_mu_ptr
data_contact_pos_ptr
data_contact_ptr
data_contact_solimp_ptr
data_contact_solref_ptr
data_contact_solreffriction_ptr
data_contact_vert_ptr
data_crb_ptr
data_ctrl_ptr
data_cvel_ptr
data_dof_island_ptr
data_efc_AR_colind_ptr
data_efc_AR_ptr
data_efc_AR_rowadr_ptr
data_efc_AR_rownnz_ptr
data_efc_D_ptr
data_efc_J_colind_ptr
data_efc_J_ptr
data_efc_J_rowadr_ptr
data_efc_J_rownnz_ptr
data_efc_J_rowsuper_ptr
data_efc_KBIP_ptr
data_efc_R_ptr
data_efc_aref_ptr
data_efc_b_ptr
data_efc_diagApprox_ptr
data_efc_force_ptr
data_efc_frictionloss_ptr
data_efc_id_ptr
data_efc_island_ptr
data_efc_margin_ptr
data_efc_pos_ptr
data_efc_state_ptr
data_efc_type_ptr
data_efc_vel_ptr
data_energy_ptr
data_eq_active_ptr
data_flexedge_J_colind_ptr
data_flexedge_J_ptr
data_flexedge_J_rowadr_ptr
data_flexedge_J_rownnz_ptr
data_flexedge_length_ptr
data_flexedge_velocity_ptr
data_flexelem_aabb_ptr
data_flexvert_xpos_ptr
data_geom_xmat_ptr
data_geom_xpos_ptr
data_iLD_ptr
data_iLDiagInv_ptr
data_iM_colind_ptr
data_iM_ptr
data_iM_rowadr_ptr
data_iM_rownnz_ptr
data_iacc_ptr
data_iacc_smooth_ptr
data_iefc_D_ptr
data_iefc_J_colind_ptr
data_iefc_J_ptr
data_iefc_J_rowadr_ptr
data_iefc_J_rownnz_ptr
data_iefc_J_rowsuper_ptr
data_iefc_R_ptr
data_iefc_aref_ptr
data_iefc_force_ptr
data_iefc_frictionloss_ptr
data_iefc_id_ptr
data_iefc_state_ptr
data_iefc_type_ptr
data_ifrc_constraint_ptr
data_ifrc_smooth_ptr
data_island_dofadr_ptr
data_island_idofadr_ptr
data_island_iefcadr_ptr
data_island_ne_ptr
data_island_nefc_ptr
data_island_nf_ptr
data_island_nv_ptr
data_light_xdir_ptr
data_light_xpos_ptr
data_map_dof2idof_ptr
data_map_efc2iefc_ptr
data_map_idof2dof_ptr
data_map_iefc2efc_ptr
data_maxuse_arena_ptr
data_maxuse_con_ptr
data_maxuse_efc_ptr
data_maxuse_stack_ptr
data_maxuse_threadstack_ptr
data_mocap_pos_ptr
data_mocap_quat_ptr
data_moment_colind_ptr
data_moment_rowadr_ptr
data_moment_rownnz_ptr
data_nA
data_nJ
data_narena
data_nbuffer
data_ncon
data_ne
data_nefc
data_nf
data_nidof
data_nisland
data_nl
data_nplugin
data_parena_ptr
data_pbase_ptr
data_plugin_data_ptr
data_plugin_ptr
data_plugin_state_ptr
data_pstack_ptr
data_qDeriv_ptr
data_qHDiagInv_ptr
data_qH_ptr
data_qLD_ptr
data_qLDiagInv_ptr
data_qLU_ptr
data_qM_ptr
data_qacc_ptr
data_qacc_smooth_ptr
data_qacc_warmstart_ptr
data_qfrc_actuator_ptr
data_qfrc_applied_ptr
data_qfrc_bias_ptr
data_qfrc_constraint_ptr
data_qfrc_damper_ptr
data_qfrc_fluid_ptr
data_qfrc_gravcomp_ptr
data_qfrc_inverse_ptr
data_qfrc_passive_ptr
data_qfrc_smooth_ptr
data_qfrc_spring_ptr
data_qpos_ptr
data_qvel_ptr
data_sensordata_ptr
data_site_xmat_ptr
data_site_xpos_ptr
data_solver_fwdinv_ptr
data_solver_gradient_ptr
data_solver_improvement_ptr
data_solver_lineslope_ptr
data_solver_nactive_ptr
data_solver_nchange_ptr
data_solver_neval_ptr
data_solver_niter_ptr
data_solver_nnz_ptr
data_solver_nupdate_ptr
data_solver_ptr
data_subtree_angmom_ptr
data_subtree_com_ptr
data_subtree_linvel_ptr
data_ten_J_colind_ptr
data_ten_J_ptr
data_ten_J_rowadr_ptr
data_ten_J_rownnz_ptr
data_ten_length_ptr
data_ten_velocity_ptr
data_ten_wrapadr_ptr
data_ten_wrapnum_ptr
data_tendon_efcadr_ptr
data_threadpool_ptr
data_time_ptr
data_timer_duration_ptr
data_timer_number_ptr
data_timer_ptr
data_userdata_ptr
data_warning_lastinfo_ptr
data_warning_number_ptr
data_warning_ptr
data_wrap_obj_ptr
data_wrap_xpos_ptr
data_xanchor_ptr
data_xaxis_ptr
data_xfrc_applied_ptr
data_ximat_ptr
data_xipos_ptr
data_xmat_ptr
data_xpos_ptr
data_xquat_ptr
model_B_colind_ptr
model_B_rowadr_ptr
model_B_rownnz_ptr
model_D_colind_ptr
model_D_diag_ptr
model_D_rowadr_ptr
model_D_rownnz_ptr
model_M_colind_ptr
model_M_rowadr_ptr
model_M_rownnz_ptr
model_actuator_acc0_ptr
model_actuator_actadr_ptr
model_actuator_actearly_ptr
model_actuator_actlimited_ptr
model_actuator_actnum_ptr
model_actuator_actrange_ptr
model_actuator_biasprm_ptr
model_actuator_biastype_ptr
model_actuator_cranklength_ptr
model_actuator_ctrllimited_ptr
model_actuator_ctrlrange_ptr
model_actuator_dynprm_ptr
model_actuator_dyntype_ptr
model_actuator_forcelimited_ptr
model_actuator_forcerange_ptr
model_actuator_gainprm_ptr
model_actuator_gaintype_ptr
model_actuator_gear_ptr
model_actuator_group_ptr
model_actuator_length0_ptr
model_actuator_lengthrange_ptr
model_actuator_plugin_ptr
model_actuator_trnid_ptr
model_actuator_trntype_ptr
model_actuator_user_ptr
model_body_bvhadr_ptr
model_body_bvhnum_ptr
model_body_conaffinity_ptr
model_body_contype_ptr
model_body_dofadr_ptr
model_body_dofnum_ptr
model_body_geomadr_ptr
model_body_geomnum_ptr
model_body_gravcomp_ptr
model_body_inertia_ptr
model_body_invweight0_ptr
model_body_ipos_ptr
model_body_iquat_ptr
model_body_jntadr_ptr
model_body_jntnum_ptr
model_body_margin_ptr
model_body_mass_ptr
model_body_mocapid_ptr
model_body_parentid_ptr
model_body_plugin_ptr
model_body_pos_ptr
model_body_quat_ptr
model_body_rootid_ptr
model_body_sameframe_ptr
model_body_simple_ptr
model_body_subtreemass_ptr
model_body_treeid_ptr
model_body_user_ptr
model_body_weldid_ptr
model_buffer_ptr
model_bvh_aabb_ptr
model_bvh_child_ptr
model_bvh_depth_ptr
model_bvh_nodeid_ptr
model_cam_bodyid_ptr
model_cam_fovy_ptr
model_cam_intrinsic_ptr
model_cam_ipd_ptr
model_cam_mat0_ptr
model_cam_mode_ptr
model_cam_orthographic_ptr
model_cam_pos0_ptr
model_cam_pos_ptr
model_cam_poscom0_ptr
model_cam_quat_ptr
model_cam_resolution_ptr
model_cam_sensorsize_ptr
model_cam_targetbodyid_ptr
model_cam_user_ptr
model_dof_M0_ptr
model_dof_Madr_ptr
model_dof_armature_ptr
model_dof_bodyid_ptr
model_dof_damping_ptr
model_dof_frictionloss_ptr
model_dof_invweight0_ptr
model_dof_jntid_ptr
model_dof_parentid_ptr
model_dof_simplenum_ptr
model_dof_solimp_ptr
model_dof_solref_ptr
model_dof_treeid_ptr
model_eq_active0_ptr
model_eq_data_ptr
model_eq_obj1id_ptr
model_eq_obj2id_ptr
model_eq_objtype_ptr
model_eq_solimp_ptr
model_eq_solref_ptr
model_eq_type_ptr
model_exclude_signature_ptr
model_flex_activelayers_ptr
model_flex_bending_ptr
model_flex_bvhadr_ptr
model_flex_bvhnum_ptr
model_flex_centered_ptr
model_flex_conaffinity_ptr
model_flex_condim_ptr
model_flex_contype_ptr
model_flex_damping_ptr
model_flex_dim_ptr
model_flex_edge_ptr
model_flex_edgeadr_ptr
model_flex_edgedamping_ptr
model_flex_edgeequality_ptr
model_flex_edgeflap_ptr
model_flex_edgenum_ptr
model_flex_edgestiffness_ptr
model_flex_elem_ptr
model_flex_elemadr_ptr
model_flex_elemdataadr_ptr
model_flex_elemedge_ptr
model_flex_elemedgeadr_ptr
model_flex_elemlayer_ptr
model_flex_elemnum_ptr
model_flex_elemtexcoord_ptr
model_flex_evpair_ptr
model_flex_evpairadr_ptr
model_flex_evpairnum_ptr
model_flex_flatskin_ptr
model_flex_friction_ptr
model_flex_gap_ptr
model_flex_group_ptr
model_flex_internal_ptr
model_flex_interp_ptr
model_flex_margin_ptr
model_flex_matid_ptr
model_flex_node0_ptr
model_flex_node_ptr
model_flex_nodeadr_ptr
model_flex_nodebodyid_ptr
model_flex_nodenum_ptr
model_flex_passive_ptr
model_flex_priority_ptr
model_flex_radius_ptr
model_flex_rgba_ptr
model_flex_rigid_ptr
model_flex_selfcollide_ptr
model_flex_shell_ptr
model_flex_shelldataadr_ptr
model_flex_shellnum_ptr
model_flex_solimp_ptr
model_flex_solmix_ptr
model_flex_solref_ptr
model_flex_stiffness_ptr
model_flex_texcoord_ptr
model_flex_texcoordadr_ptr
model_flex_vert0_ptr
model_flex_vert_ptr
model_flex_vertadr_ptr
model_flex_vertbodyid_ptr
model_flex_vertnum_ptr
model_flexedge_invweight0_ptr
model_flexedge_length0_ptr
model_flexedge_rigid_ptr
model_geom_aabb_ptr
model_geom_bodyid_ptr
model_geom_conaffinity_ptr
model_geom_condim_ptr
model_geom_contype_ptr
model_geom_dataid_ptr
model_geom_fluid_ptr
model_geom_friction_ptr
model_geom_gap_ptr
model_geom_group_ptr
model_geom_margin_ptr
model_geom_matid_ptr
model_geom_plugin_ptr
model_geom_pos_ptr
model_geom_priority_ptr
model_geom_quat_ptr
model_geom_rbound_ptr
model_geom_rgba_ptr
model_geom_sameframe_ptr
model_geom_size_ptr
model_geom_solimp_ptr
model_geom_solmix_ptr
model_geom_solref_ptr
model_geom_type_ptr
model_geom_user_ptr
model_hfield_adr_ptr
model_hfield_data_ptr
model_hfield_ncol_ptr
model_hfield_nrow_ptr
model_hfield_pathadr_ptr
model_hfield_size_ptr
model_jnt_actfrclimited_ptr
model_jnt_actfrcrange_ptr
model_jnt_actgravcomp_ptr
model_jnt_axis_ptr
model_jnt_bodyid_ptr
model_jnt_dofadr_ptr
model_jnt_group_ptr
model_jnt_limited_ptr
model_jnt_margin_ptr
model_jnt_pos_ptr
model_jnt_qposadr_ptr
model_jnt_range_ptr
model_jnt_solimp_ptr
model_jnt_solref_ptr
model_jnt_stiffness_ptr
model_jnt_type_ptr
model_jnt_user_ptr
model_key_act_ptr
model_key_ctrl_ptr
model_key_mpos_ptr
model_key_mquat_ptr
model_key_qpos_ptr
model_key_qvel_ptr
model_key_time_ptr
model_light_active_ptr
model_light_ambient_ptr
model_light_attenuation_ptr
model_light_bodyid_ptr
model_light_bulbradius_ptr
model_light_castshadow_ptr
model_light_cutoff_ptr
model_light_diffuse_ptr
model_light_dir0_ptr
model_light_dir_ptr
model_light_exponent_ptr
model_light_intensity_ptr
model_light_mode_ptr
model_light_pos0_ptr
model_light_pos_ptr
model_light_poscom0_ptr
model_light_range_ptr
model_light_specular_ptr
model_light_targetbodyid_ptr
model_light_texid_ptr
model_light_type_ptr
model_mapD2M_ptr
model_mapM2D_ptr
model_mapM2M_ptr
model_mat_emission_ptr
model_mat_metallic_ptr
model_mat_reflectance_ptr
model_mat_rgba_ptr
model_mat_roughness_ptr
model_mat_shininess_ptr
model_mat_specular_ptr
model_mat_texid_ptr
model_mat_texrepeat_ptr
model_mat_texuniform_ptr
model_mesh_bvhadr_ptr
model_mesh_bvhnum_ptr
model_mesh_face_ptr
model_mesh_faceadr_ptr
model_mesh_facenormal_ptr
model_mesh_facenum_ptr
model_mesh_facetexcoord_ptr
model_mesh_graph_ptr
model_mesh_graphadr_ptr
model_mesh_normal_ptr
model_mesh_normaladr_ptr
model_mesh_normalnum_ptr
model_mesh_octadr_ptr
model_mesh_octnum_ptr
model_mesh_pathadr_ptr
model_mesh_polyadr_ptr
model_mesh_polymap_ptr
model_mesh_polymapadr_ptr
model_mesh_polymapnum_ptr
model_mesh_polynormal_ptr
model_mesh_polynum_ptr
model_mesh_polyvert_ptr
model_mesh_polyvertadr_ptr
model_mesh_polyvertnum_ptr
model_mesh_pos_ptr
model_mesh_quat_ptr
model_mesh_scale_ptr
model_mesh_texcoord_ptr
model_mesh_texcoordadr_ptr
model_mesh_texcoordnum_ptr
model_mesh_vert_ptr
model_mesh_vertadr_ptr
model_mesh_vertnum_ptr
model_nB
model_nC
model_nD
model_nJmom
model_nM
model_na
model_name_actuatoradr_ptr
model_name_bodyadr_ptr
model_name_camadr_ptr
model_name_eqadr_ptr
model_name_excludeadr_ptr
model_name_flexadr_ptr
model_name_geomadr_ptr
model_name_hfieldadr_ptr
model_name_jntadr_ptr
model_name_keyadr_ptr
model_name_lightadr_ptr
model_name_matadr_ptr
model_name_meshadr_ptr
model_name_numericadr_ptr
model_name_pairadr_ptr
model_name_pluginadr_ptr
model_name_sensoradr_ptr
model_name_siteadr_ptr
model_name_skinadr_ptr
model_name_tendonadr_ptr
model_name_texadr_ptr
model_name_textadr_ptr
model_name_tupleadr_ptr
model_names_map_ptr
model_names_ptr
model_narena
model_nbody
model_nbuffer
model_nbvh
model_nbvhdynamic
model_nbvhstatic
model_ncam
model_nconmax
model_nemax
model_neq
model_nexclude
model_nflex
model_nflexedge
model_nflexelem
model_nflexelemdata
model_nflexelemedge
model_nflexevpair
model_nflexnode
model_nflexshelldata
model_nflextexcoord
model_nflexvert
model_ngeom
model_ngravcomp
model_nhfield
model_nhfielddata
model_njmax
model_njnt
model_nkey
model_nlight
model_nmat
model_nmesh
model_nmeshface
model_nmeshgraph
model_nmeshnormal
model_nmeshpoly
model_nmeshpolymap
model_nmeshpolyvert
model_nmeshtexcoord
model_nmeshvert
model_nmocap
model_nnames
model_nnames_map
model_nnumeric
model_nnumericdata
model_noct
model_npair
model_npaths
model_nplugin
model_npluginattr
model_npluginstate
model_nq
model_nsensor
model_nsensordata
model_nsite
model_nskin
model_nskinbone
model_nskinbonevert
model_nskinface
model_nskintexvert
model_nskinvert
model_ntendon
model_ntex
model_ntexdata
model_ntext
model_ntextdata
model_ntree
model_ntuple
model_ntupledata
model_nu
model_numeric_adr_ptr
model_numeric_data_ptr
model_numeric_size_ptr
model_nuser_actuator
model_nuser_body
model_nuser_cam
model_nuser_geom
model_nuser_jnt
model_nuser_sensor
model_nuser_site
model_nuser_tendon
model_nuserdata
model_nv
model_nwrap
model_oct_aabb_ptr
model_oct_child_ptr
model_oct_coeff_ptr
model_oct_depth_ptr
model_opt_ccd_iterations_ptr
model_opt_ccd_tolerance_ptr
model_opt_cone_ptr
model_opt_density_ptr
model_opt_disableactuator_ptr
model_opt_disableflags_ptr
model_opt_enableflags_ptr
model_opt_gravity_ptr
model_opt_impratio_ptr
model_opt_integrator_ptr
model_opt_iterations_ptr
model_opt_jacobian_ptr
model_opt_ls_iterations_ptr
model_opt_ls_tolerance_ptr
model_opt_magnetic_ptr
model_opt_noslip_iterations_ptr
model_opt_noslip_tolerance_ptr
model_opt_o_friction_ptr
model_opt_o_margin_ptr
model_opt_o_solimp_ptr
model_opt_o_solref_ptr
model_opt_sdf_initpoints_ptr
model_opt_sdf_iterations_ptr
model_opt_solver_ptr
model_opt_timestep_ptr
model_opt_tolerance_ptr
model_opt_viscosity_ptr
model_opt_wind_ptr
model_pair_dim_ptr
model_pair_friction_ptr
model_pair_gap_ptr
model_pair_geom1_ptr
model_pair_geom2_ptr
model_pair_margin_ptr
model_pair_signature_ptr
model_pair_solimp_ptr
model_pair_solref_ptr
model_pair_solreffriction_ptr
model_paths_ptr
model_plugin_attr_ptr
model_plugin_attradr_ptr
model_plugin_ptr
model_plugin_stateadr_ptr
model_plugin_statenum_ptr
model_qpos0_ptr
model_qpos_spring_ptr
model_sensor_adr_ptr
model_sensor_cutoff_ptr
model_sensor_datatype_ptr
model_sensor_dim_ptr
model_sensor_intprm_ptr
model_sensor_needstage_ptr
model_sensor_noise_ptr
model_sensor_objid_ptr
model_sensor_objtype_ptr
model_sensor_plugin_ptr
model_sensor_refid_ptr
model_sensor_reftype_ptr
model_sensor_type_ptr
model_sensor_user_ptr
model_site_bodyid_ptr
model_site_group_ptr
model_site_matid_ptr
model_site_pos_ptr
model_site_quat_ptr
model_site_rgba_ptr
model_site_sameframe_ptr
model_site_size_ptr
model_site_type_ptr
model_site_user_ptr
model_skin_boneadr_ptr
model_skin_bonebindpos_ptr
model_skin_bonebindquat_ptr
model_skin_bonebodyid_ptr
model_skin_bonenum_ptr
model_skin_bonevertadr_ptr
model_skin_bonevertid_ptr
model_skin_bonevertnum_ptr
model_skin_bonevertweight_ptr
model_skin_face_ptr
model_skin_faceadr_ptr
model_skin_facenum_ptr
model_skin_group_ptr
model_skin_inflate_ptr
model_skin_matid_ptr
model_skin_pathadr_ptr
model_skin_rgba_ptr
model_skin_texcoord_ptr
model_skin_texcoordadr_ptr
model_skin_vert_ptr
model_skin_vertadr_ptr
model_skin_vertnum_ptr
model_stat_center_ptr
model_stat_extent_ptr
model_stat_meaninertia_ptr
model_stat_meanmass_ptr
model_stat_meansize_ptr
model_tendon_actfrclimited_ptr
model_tendon_actfrcrange_ptr
model_tendon_adr_ptr
model_tendon_armature_ptr
model_tendon_damping_ptr
model_tendon_frictionloss_ptr
model_tendon_group_ptr
model_tendon_invweight0_ptr
model_tendon_length0_ptr
model_tendon_lengthspring_ptr
model_tendon_limited_ptr
model_tendon_margin_ptr
model_tendon_matid_ptr
model_tendon_num_ptr
model_tendon_range_ptr
model_tendon_rgba_ptr
model_tendon_solimp_fri_ptr
model_tendon_solimp_lim_ptr
model_tendon_solref_fri_ptr
model_tendon_solref_lim_ptr
model_tendon_stiffness_ptr
model_tendon_user_ptr
model_tendon_width_ptr
model_tex_adr_ptr
model_tex_colorspace_ptr
model_tex_data_ptr
model_tex_height_ptr
model_tex_nchannel_ptr
model_tex_pathadr_ptr
model_tex_type_ptr
model_tex_width_ptr
model_text_adr_ptr
model_text_data_ptr
model_text_size_ptr
model_tuple_adr_ptr
model_tuple_objid_ptr
model_tuple_objprm_ptr
model_tuple_objtype_ptr
model_tuple_size_ptr
model_vis_global_azimuth_ptr
model_vis_global_bvactive_ptr
model_vis_global_cameraid_ptr
model_vis_global_elevation_ptr
model_vis_global_ellipsoidinertia_ptr
model_vis_global_fovy_ptr
model_vis_global_glow_ptr
model_vis_global_ipd_ptr
model_vis_global_linewidth_ptr
model_vis_global_offheight_ptr
model_vis_global_offwidth_ptr
model_vis_global_orthographic_ptr
model_vis_global_realtime_ptr
model_vis_headlight_active_ptr
model_vis_headlight_ambient_ptr
model_vis_headlight_diffuse_ptr
model_vis_headlight_specular_ptr
model_vis_map_actuatortendon_ptr
model_vis_map_alpha_ptr
model_vis_map_fogend_ptr
model_vis_map_fogstart_ptr
model_vis_map_force_ptr
model_vis_map_haze_ptr
model_vis_map_shadowclip_ptr
model_vis_map_shadowscale_ptr
model_vis_map_stiffness_ptr
model_vis_map_stiffnessrot_ptr
model_vis_map_torque_ptr
model_vis_map_zfar_ptr
model_vis_map_znear_ptr
model_vis_quality_numquads_ptr
model_vis_quality_numslices_ptr
model_vis_quality_numstacks_ptr
model_vis_quality_offsamples_ptr
model_vis_quality_shadowsize_ptr
model_vis_rgba_actuator_ptr
model_vis_rgba_actuatornegative_ptr
model_vis_rgba_actuatorpositive_ptr
model_vis_rgba_bv_ptr
model_vis_rgba_bvactive_ptr
model_vis_rgba_camera_ptr
model_vis_rgba_com_ptr
model_vis_rgba_connect_ptr
model_vis_rgba_constraint_ptr
model_vis_rgba_contactforce_ptr
model_vis_rgba_contactfriction_ptr
model_vis_rgba_contactgap_ptr
model_vis_rgba_contactpoint_ptr
model_vis_rgba_contacttorque_ptr
model_vis_rgba_crankbroken_ptr
model_vis_rgba_fog_ptr
model_vis_rgba_force_ptr
model_vis_rgba_frustum_ptr
model_vis_rgba_haze_ptr
model_vis_rgba_inertia_ptr
model_vis_rgba_joint_ptr
model_vis_rgba_light_ptr
model_vis_rgba_rangefinder_ptr
model_vis_rgba_selectpoint_ptr
model_vis_rgba_slidercrank_ptr
model_vis_scale_actuatorlength_ptr
model_vis_scale_actuatorwidth_ptr
model_vis_scale_camera_ptr
model_vis_scale_com_ptr
model_vis_scale_connect_ptr
model_vis_scale_constraint_ptr
model_vis_scale_contactheight_ptr
model_vis_scale_contactwidth_ptr
model_vis_scale_forcewidth_ptr
model_vis_scale_framelength_ptr
model_vis_scale_framewidth_ptr
model_vis_scale_frustum_ptr
model_vis_scale_jointlength_ptr
model_vis_scale_jointwidth_ptr
model_vis_scale_light_ptr
model_vis_scale_selectpoint_ptr
model_vis_scale_slidercrank_ptr
model_wrap_objid_ptr
model_wrap_prm_ptr
model_wrap_type_ptr
pert_active2_ptr
pert_active_ptr
pert_flexselect_ptr
pert_localmass_ptr
pert_localpos_ptr
pert_refpos_ptr
pert_refquat_ptr
pert_refselpos_ptr
pert_scale_ptr
pert_select_ptr
pert_skinselect_ptr
scene_camera_ptr
scene_enabletransform_ptr
scene_flags_ptr
scene_flexedge_ptr
scene_flexedgeadr_ptr
scene_flexedgenum_ptr
scene_flexedgeopt_ptr
scene_flexface_ptr
scene_flexfaceadr_ptr
scene_flexfacenum_ptr
scene_flexfaceopt_ptr
scene_flexfaceused_ptr
scene_flexnormal_ptr
scene_flexskinopt_ptr
scene_flextexcoord_ptr
scene_flexvert_ptr
scene_flexvertadr_ptr
scene_flexvertnum_ptr
scene_flexvertopt_ptr
scene_framergb_ptr
scene_framewidth_ptr
scene_geomorder_ptr
scene_geoms_camdist_ptr
scene_geoms_category_ptr
scene_geoms_dataid_ptr
scene_geoms_emission_ptr
scene_geoms_label_ptr
scene_geoms_mat_ptr
scene_geoms_matid_ptr
scene_geoms_modelrbound_ptr
scene_geoms_objid_ptr
scene_geoms_objtype_ptr
scene_geoms_pos_ptr
scene_geoms_ptr
scene_geoms_reflectance_ptr
scene_geoms_rgba_ptr
scene_geoms_segid_ptr
scene_geoms_shininess_ptr
scene_geoms_size_ptr
scene_geoms_specular_ptr
scene_geoms_texcoord_ptr
scene_geoms_transparent_ptr
scene_geoms_type_ptr
scene_lights_ptr
scene_maxgeom_ptr
scene_nflex
scene_ngeom
scene_nlight
scene_nskin
scene_rotate_ptr
scene_scale_ptr
scene_skinfacenum_ptr
scene_skinnormal_ptr
scene_skinvert_ptr
scene_skinvertadr_ptr
scene_skinvertnum_ptr
scene_status_ptr
scene_stereo_ptr
scene_translate_ptr
scene_update_and_pack
vopt_actuatorgroup_ptr
vopt_bvh_depth_ptr
vopt_flags_ptr
vopt_flex_layer_ptr
vopt_flexgroup_ptr
vopt_frame_ptr
vopt_geomgroup_ptr
vopt_jointgroup_ptr
vopt_label_ptr
vopt_sitegroup_ptr
vopt_skingroup_ptr
vopt_tendongroup_ptr
